[0.008s] Invoking command in '/home/li/vk_ros2_ws/build/dual_dense_mapper': /usr/bin/cmake /home/li/vk_ros2_ws/src/dual_dense_mapper -DCMAKE_INSTALL_PREFIX=/home/li/vk_ros2_ws/install/dual_dense_mapper
[0.021s] -- Found ament_cmake: 1.3.12 (/opt/ros/humble/share/ament_cmake/cmake)
[0.118s] -- Found rclcpp: 16.0.16 (/opt/ros/humble/share/rclcpp/cmake)
[0.137s] -- Found rosidl_generator_c: 3.1.7 (/opt/ros/humble/share/rosidl_generator_c/cmake)
[0.139s] -- Found rosidl_adapter: 3.1.7 (/opt/ros/humble/share/rosidl_adapter/cmake)
[0.142s] -- Found rosidl_generator_cpp: 3.1.7 (/opt/ros/humble/share/rosidl_generator_cpp/cmake)
[0.149s] -- Using all available rosidl_typesupport_c: rosidl_typesupport_fastrtps_c;rosidl_typesupport_introspection_c
[0.157s] -- Using all available rosidl_typesupport_cpp: rosidl_typesupport_fastrtps_cpp;rosidl_typesupport_introspection_cpp
[0.178s] -- Found rmw_implementation_cmake: 6.1.2 (/opt/ros/humble/share/rmw_implementation_cmake/cmake)
[0.179s] -- Found rmw_fastrtps_cpp: 6.2.9 (/opt/ros/humble/share/rmw_fastrtps_cpp/cmake)
[0.257s] -- Using RMW implementation 'rmw_fastrtps_cpp' as default
[0.288s] -- Found sensor_msgs: 4.9.0 (/opt/ros/humble/share/sensor_msgs/cmake)
[0.306s] -- Found message_filters: 4.3.11 (/opt/ros/humble/share/message_filters/cmake)
[0.308s] -- Found tf2: 0.25.17 (/opt/ros/humble/share/tf2/cmake)
[0.310s] -- Found tf2_ros: 0.25.17 (/opt/ros/humble/share/tf2_ros/cmake)
[0.359s] -- Found tf2_geometry_msgs: 0.25.17 (/opt/ros/humble/share/tf2_geometry_msgs/cmake)
[0.361s] -- Found eigen3_cmake_module: 0.1.1 (/opt/ros/humble/share/eigen3_cmake_module/cmake)
[0.362s] -- Ensuring Eigen3 include directory is part of orocos-kdl CMake target
[0.363s] -- Found pcl_conversions: 2.4.5 (/opt/ros/humble/share/pcl_conversions/cmake)
[0.386s] -- Eigen found (include: /usr/include/eigen3, version: 3.4.0)
[0.413s] -- FLANN found (include: /usr/include, lib: /usr/lib/x86_64-linux-gnu/libflann_cpp.so)
[0.655s] -- OpenNI found (version: 1.5.4.0, include: /usr/include/ni, lib: /usr/lib/libOpenNI.so;libusb::libusb)
[0.661s] -- OpenNI2 found (version: 2.2.0.33, include: /usr/include/openni2, lib: /usr/lib/x86_64-linux-gnu/libOpenNI2.so;libusb::libusb)
[0.778s] -- Eigen found (include: /usr/include/eigen3, version: 3.4.0)
[0.784s] -- OpenNI found (version: 1.5.4.0, include: /usr/include/ni, lib: /usr/lib/libOpenNI.so;libusb::libusb)
[0.790s] -- OpenNI2 found (version: 2.2.0.33, include: /usr/include/openni2, lib: /usr/lib/x86_64-linux-gnu/libOpenNI2.so;libusb::libusb)
[0.906s] -- Found Qhull version 8.0.2
[1.033s] -- OpenNI found (version: 1.5.4.0, include: /usr/include/ni, lib: /usr/lib/libOpenNI.so;libusb::libusb)
[1.159s] -- Found pcl_ros: 2.4.5 (/opt/ros/humble/share/pcl_ros/cmake)
[1.224s] Error parsing '/home/li/vk_ros2_ws/src/dual_dense_mapper/package.xml':
[1.255s] Traceback (most recent call last):
[1.255s]   File "/usr/lib/python3/dist-packages/catkin_pkg/package.py", line 610, in parse_package_string
[1.255s]     root = dom.parseString(data)
[1.255s]   File "/usr/lib/python3.10/xml/dom/minidom.py", line 2000, in parseString
[1.255s]     return expatbuilder.parseString(string)
[1.255s]   File "/usr/lib/python3.10/xml/dom/expatbuilder.py", line 925, in parseString
[1.255s]     return builder.parseString(string)
[1.255s]   File "/usr/lib/python3.10/xml/dom/expatbuilder.py", line 223, in parseString
[1.255s]     parser.Parse(string, True)
[1.255s] xml.parsers.expat.ExpatError: not well-formed (invalid token): line 5, column 68
[1.255s] 
[1.256s] During handling of the above exception, another exception occurred:
[1.256s] 
[1.256s] Traceback (most recent call last):
[1.256s]   File "/opt/ros/humble/share/ament_cmake_core/cmake/core/package_xml_2_cmake.py", line 150, in <module>
[1.256s]     main()
[1.256s]   File "/opt/ros/humble/share/ament_cmake_core/cmake/core/package_xml_2_cmake.py", line 53, in main
[1.256s]     raise e
[1.256s]   File "/opt/ros/humble/share/ament_cmake_core/cmake/core/package_xml_2_cmake.py", line 49, in main
[1.256s]     package = parse_package_string(
[1.256s]   File "/usr/lib/python3/dist-packages/catkin_pkg/package.py", line 612, in parse_package_string
[1.256s]     raise InvalidPackage('The manifest contains invalid XML:\n%s' % ex, filename)
[1.256s] catkin_pkg.package.InvalidPackage: Error(s) in package '/home/li/vk_ros2_ws/src/dual_dense_mapper/package.xml':
[1.256s] The manifest contains invalid XML:
[1.257s] not well-formed (invalid token): line 5, column 68
[1.267s] [31mCMake Error at /opt/ros/humble/share/ament_cmake_core/cmake/core/ament_package_xml.cmake:95 (message):
[1.268s]   execute_process(/usr/bin/python3
[1.268s]   /opt/ros/humble/share/ament_cmake_core/cmake/core/package_xml_2_cmake.py
[1.268s]   /home/li/vk_ros2_ws/src/dual_dense_mapper/package.xml
[1.268s]   /home/li/vk_ros2_ws/build/dual_dense_mapper/ament_cmake_core/package.cmake)
[1.268s]   returned error code 1
[1.268s] Call Stack (most recent call first):
[1.268s]   /opt/ros/humble/share/ament_cmake_core/cmake/core/ament_package_xml.cmake:49 (_ament_package_xml)
[1.268s]   /opt/ros/humble/share/ament_cmake_core/cmake/core/ament_package.cmake:63 (ament_package_xml)
[1.268s]   CMakeLists.txt:40 (ament_package)
[1.268s] 
[1.268s] [0m
[1.268s] -- Configuring incomplete, errors occurred!
[1.268s] See also "/home/li/vk_ros2_ws/build/dual_dense_mapper/CMakeFiles/CMakeOutput.log".
[1.281s] Invoked command in '/home/li/vk_ros2_ws/build/dual_dense_mapper' returned '1': /usr/bin/cmake /home/li/vk_ros2_ws/src/dual_dense_mapper -DCMAKE_INSTALL_PREFIX=/home/li/vk_ros2_ws/install/dual_dense_mapper
